[0/1] Re-running CMake...
-- Minimal build - OFF
-- ccache will be used for faster recompilation
-- git describe returned 'fatal: bad revision 'HEAD''
-- Could not use 'git describe' to determine PROJECT_VER.
-- Building ESP-IDF components for target esp32s3
-- KCONFIG_REPORT_VERBOSITY not set, using default
-- Project sdkconfig file I:/Memoria OS/memoria-os/sdkconfig
cmake : NOTE: D:/ESP_IDF/.espressif/v6.1/esp-idf/components/bt/host/nimble/Kconfig.in:1428: BT_NIMBLE_MESH_PROVISIONER:
 'default 0' is not a valid bool value (only 'y' and 'n' are allowed). Value is treated as 'n'.
所在位置 行:1 字符: 303
+ ... cation "I:\Memoria OS\memoria-os\build"; cmake --build . 2>&1 | Tee-O ...
+                                              ~~~~~~~~~~~~~~~~~~~~
    + CategoryInfo          : NotSpecified: (NOTE: D:/ESP_ID...treated as 'n'.:String) [], RemoteException
    + FullyQualifiedErrorId : NativeCommandError
 
NOTE: D:/ESP_IDF/.espressif/v6.1/esp-idf/components/fatfs/Kconfig:240: FATFS_PRINT_LLI: 'default 0' is not a valid bool
 value (only 'y' and 'n' are allowed). Value is treated as 'n'.
NOTE: D:/ESP_IDF/.espressif/v6.1/esp-idf/components/fatfs/Kconfig:245: FATFS_PRINT_FLOAT: 'default 0' is not a valid bo
ol value (only 'y' and 'n' are allowed). Value is treated as 'n'.
NOTE: D:/ESP_IDF/.espressif/v6.1/esp-idf/components/bt/sdkconfig.rename.esp32s3:4: duplicate rename mapping for CONFIG_
BT_NIMBLE_COEX_PHY_CODED_TX_RX_TLIM_EN: previous target CONFIG_BT_LE_COEX_PHY_CODED_TX_RX_TLIM_EN, new target CONFIG_BT
_CTRL_COEX_PHY_CODED_TX_RX_TLIM_EN - last mapping is used
NOTE: D:/ESP_IDF/.espressif/v6.1/esp-idf/components/bt/sdkconfig.rename.esp32s3:5: duplicate rename mapping for CONFIG_
BT_NIMBLE_COEX_PHY_CODED_TX_RX_TLIM_DIS: previous target CONFIG_BT_LE_COEX_PHY_CODED_TX_RX_TLIM_DIS, new target CONFIG_
BT_CTRL_COEX_PHY_CODED_TX_RX_TLIM_DIS - last mapping is used
Loading defaults file I:/Memoria OS/memoria-os/sdkconfig.defaults...
NOTE: C:\Users\ADMINI~1\AppData\Local\Temp\kconfgen_tmp1arjvbzc:1 line was updated to # ===============================
=============================n
NOTE: C:\Users\ADMINI~1\AppData\Local\Temp\kconfgen_tmp1arjvbzc:5 line was updated to # ===============================
=============================n
NOTE: C:\Users\ADMINI~1\AppData\Local\Temp\kconfgen_tmp1arjvbzc:22: CONFIG_ESP32S3_SPIRAM_SUPPORT was replaced with CON
FIG_SPIRAM
NOTE: C:\Users\ADMINI~1\AppData\Local\Temp\kconfgen_tmp1arjvbzc:31: CONFIG_ESP32_WIFI_ENABLED was replaced with CONFIG_
ESP_WIFI_ENABLED
NOTE: C:\Users\ADMINI~1\AppData\Local\Temp\kconfgen_tmp1arjvbzc:35: CONFIG_ESP32_WIFI_TX_BUFFER_TYPE was replaced with 
CONFIG_ESP_WIFI_TX_BUFFER_TYPE
NOTE: C:\Users\ADMINI~1\AppData\Local\Temp\kconfgen_tmp1arjvbzc:38: CONFIG_ESP32_WIFI_CACHE_TX_BUFFER_NUM was replaced 
with CONFIG_ESP_WIFI_CACHE_TX_BUFFER_NUM
NOTE: C:\Users\ADMINI~1\AppData\Local\Temp\kconfgen_tmp1arjvbzc:39: CONFIG_ESP32_WIFI_ENABLE_WPA3_SAE was replaced with
 CONFIG_ESP_WIFI_ENABLE_WPA3_SAE
WARNING: C:\Users\ADMINI~1\AppData\Local\Temp\kconfgen_tmp1arjvbzc:94: '0' is not a valid value for the bool symbol ESP
_HTTPS_OTA_DECRYPT_CB. Assignment ignored.
NOTE: unknown kconfig symbol 'COMPILER_CXX' assigned to 'y' in I:/Memoria OS/memoria-os/sdkconfig.defaults
NOTE: unknown kconfig symbol 'COMPILER_RTTI' assigned to 'n' in I:/Memoria OS/memoria-os/sdkconfig.defaults
NOTE: unknown kconfig symbol 'WIFI_CONSOLE_LOG_LEVEL' assigned to '1' in I:/Memoria OS/memoria-os/sdkconfig.defaults
NOTE: unknown kconfig symbol 'WIFI_SCAN_METHOD_FAST' assigned to 'y' in I:/Memoria OS/memoria-os/sdkconfig.defaults
NOTE: unknown kconfig symbol 'BTDM_CTRL_MODE_BLE_ONLY' assigned to 'y' in I:/Memoria OS/memoria-os/sdkconfig.defaults
NOTE: unknown kconfig symbol 'BT_GATT_ENABLE' assigned to 'y' in I:/Memoria OS/memoria-os/sdkconfig.defaults
NOTE: unknown kconfig symbol 'BT_SM_ENABLE' assigned to 'y' in I:/Memoria OS/memoria-os/sdkconfig.defaults
NOTE: unknown kconfig symbol 'BT_GAP_ENABLE' assigned to 'y' in I:/Memoria OS/memoria-os/sdkconfig.defaults
NOTE: unknown kconfig symbol 'BT_NIMBLE_MAX_PERIODIC_ADV_LIST' assigned to '1' in I:/Memoria OS/memoria-os/sdkconfig.de
faults
NOTE: unknown kconfig symbol 'ESP_JPEG_DEC_ENABLE' assigned to 'y' in I:/Memoria OS/memoria-os/sdkconfig.defaults
NOTE: unknown kconfig symbol 'FREERTOS_NUM_CORES' assigned to '2' in I:/Memoria OS/memoria-os/sdkconfig.defaults
NOTE: unknown kconfig symbol 'FREERTOS_DEFAULT_TASK_STACK_SIZE' assigned to '2048' in I:/Memoria OS/memoria-os/sdkconfi
g.defaults
NOTE: unknown kconfig symbol 'ADC_ONESHOT_MODE_IMPL' assigned to 'y' in I:/Memoria OS/memoria-os/sdkconfig.defaults
NOTE: unknown kconfig symbol 'SD_SPI_MODE' assigned to 'y' in I:/Memoria OS/memoria-os/sdkconfig.defaults
NOTE: unknown kconfig symbol 'ESP_HEAP_POISONING_LIGHT' assigned to 'y' in I:/Memoria OS/memoria-os/sdkconfig.defaults
NOTE: unknown kconfig symbol 'TINYUSB_ENABLED' assigned to 'n' in I:/Memoria OS/memoria-os/sdkconfig.defaults
NOTE: Kconfig parser version: 1
NOTE: Kconfig defaults policy: use sdkconfig
NOTE: Status: Finished with notifications
NOTE: D:/ESP_IDF/.espressif/v6.1/esp-idf/components/esp_wifi/Kconfig:4: ESP_WIFI_ENABLED assigned multiple times: y (us
er-set), y (user-set) -> using y
NOTE: D:/ESP_IDF/.espressif/v6.1/esp-idf/components/bt/host/bluedroid/Kconfig.in:306: BT_GATTS_ENABLE has user-set valu
e y from C:\Users\ADMINI~1\AppData\Local\Temp\kconfgen_tmp1arjvbzc but is not visible (disabled dependency)
NOTE: D:/ESP_IDF/.espressif/v6.1/esp-idf/components/esp_wifi/Kconfig:104: ESP_WIFI_CACHE_TX_BUFFER_NUM has user-set val
ue 16 from C:\Users\ADMINI~1\AppData\Local\Temp\kconfgen_tmp1arjvbzc but is not visible (disabled dependency)
-- Compiler supported targets: xtensa-esp-elf
-- Detecting C compiler ABI info
-- Detecting C compiler ABI info - done
-- Detecting CXX compiler ABI info
-- Detecting CXX compiler ABI info - done
-- Detecting C compiler ABI info
-- Detecting C compiler ABI info - failed
-- Detecting CXX compiler ABI info
CMake Error at D:/Espressif/tools/cmake/4.0.3/share/cmake-4.0/Modules/CMakeDetermineCompilerABI.cmake:83 (try_compile):
  Failed to open

    I:/Memoria OS/memoria-os/build/CMakeFiles/CMakeScratch/TryCompile-zr4iws/CMakeLists.txt

  No such file or directory
Call Stack (most recent call first):
  D:/ESP_IDF/.espressif/v6.1/esp-idf/tools/cmake/toolchain_flags.cmake:179 (cmake_determine_compiler_abi)
  D:/ESP_IDF/.espressif/v6.1/esp-idf/CMakeLists.txt:89 (idf_toolchain_rerun_abi_detection)


-- Detecting CXX compiler ABI info - failed
-- App "memoria_os" version: 1
-- Setting up mbedtls configuration
-- Linkage type is PUBLIC
-- Adding linker script D:/ESP_IDF/.espressif/v6.1/esp-idf/components/esp_hal_wdt/esp32s3/rom.wdt.ld
-- Adding linker script D:/ESP_IDF/.espressif/v6.1/esp-idf/components/esp_system/ld/esp32s3/memory.ld.in
--   -> Preprocessing .in script: D:/ESP_IDF/.espressif/v6.1/esp-idf/components/esp_system/ld/esp32s3/memory.ld.in
-- Adding linker script D:/ESP_IDF/.espressif/v6.1/esp-idf/components/esp_system/ld/esp32s3/sections.ld.in
--   -> Preprocessing .in script: D:/ESP_IDF/.espressif/v6.1/esp-idf/components/esp_system/ld/esp32s3/sections.ld.in
--   -> Applying ldgen processing: I:/Memoria OS/memoria-os/build/esp-idf/esp_system/ld/sections.ld.in
-- Adding linker script D:/ESP_IDF/.espressif/v6.1/esp-idf/components/esp_rom/esp32s3/ld/esp32s3.rom.ld
-- Adding linker script D:/ESP_IDF/.espressif/v6.1/esp-idf/components/esp_rom/esp32s3/ld/esp32s3.rom.api.ld
-- Adding linker script D:/ESP_IDF/.espressif/v6.1/esp-idf/components/esp_rom/esp32s3/ld/esp32s3.rom.bt_funcs.ld
-- Adding linker script D:/ESP_IDF/.espressif/v6.1/esp-idf/components/esp_rom/esp32s3/ld/esp32s3.rom.libgcc.ld
-- Adding linker script D:/ESP_IDF/.espressif/v6.1/esp-idf/components/esp_rom/esp32s3/ld/esp32s3.rom.version.ld
-- Adding linker script D:/ESP_IDF/.espressif/v6.1/esp-idf/components/esp_rom/esp32s3/ld/esp32s3.rom.ble_cca.ld
-- Adding linker script D:/ESP_IDF/.espressif/v6.1/esp-idf/components/esp_rom/esp32s3/ld/esp32s3.rom.ble_test.ld
-- Adding linker script D:/ESP_IDF/.espressif/v6.1/esp-idf/components/esp_rom/esp32s3/ld/esp32s3.rom.libc.ld
-- Adding linker script D:/ESP_IDF/.espressif/v6.1/esp-idf/components/soc/esp32s3/ld/esp32s3.peripherals.ld
-- Adding linker script D:/ESP_IDF/.espressif/v6.1/esp-idf/components/esp_hal_regi2c/esp32s3/rom.regi2c.ld
CMake Warning at D:/ESP_IDF/.espressif/v6.1/esp-idf/tools/cmake/component_validation.cmake:106 (message):
  Private include directory
  'D:/ESP_IDF/.espressif/v6.1/esp-idf/components/esp_wifi/wifi_apps/roaming_app/include'
  belongs to component esp_wifi but is being used by component
  wpa_supplicant.  It is recommended to define the component dependency for
  wpa_supplicant on the component esp_wifi, i.e.  'idf_component_register(...
  PRIV_REQUIRES esp_wifi)' in the CMakeLists.txt of wpa_supplicant, and
  specify the included directory as idf_component_register(...
  PRIV_INCLUDE_DIRS <dir relative to component>) in the CMakeLists.txt of
  component esp_wifi.
Call Stack (most recent call first):
  D:/ESP_IDF/.espressif/v6.1/esp-idf/tools/cmake/component_validation.cmake:130 (__component_validation_check_include_d
irs)
  D:/ESP_IDF/.espressif/v6.1/esp-idf/CMakeLists.txt:356 (__component_validation_run_checks)


CMake Warning at D:/ESP_IDF/.espressif/v6.1/esp-idf/tools/cmake/component_validation.cmake:106 (message):
  Private include directory
  'D:/ESP_IDF/.espressif/v6.1/esp-idf/components/esp_wifi/wifi_apps/roaming_app/src'
  belongs to component esp_wifi but is being used by component
  wpa_supplicant.  It is recommended to define the component dependency for
  wpa_supplicant on the component esp_wifi, i.e.  'idf_component_register(...
  PRIV_REQUIRES esp_wifi)' in the CMakeLists.txt of wpa_supplicant, and
  specify the included directory as idf_component_register(...
  PRIV_INCLUDE_DIRS <dir relative to component>) in the CMakeLists.txt of
  component esp_wifi.
Call Stack (most recent call first):
  D:/ESP_IDF/.espressif/v6.1/esp-idf/tools/cmake/component_validation.cmake:130 (__component_validation_check_include_d
irs)
  D:/ESP_IDF/.espressif/v6.1/esp-idf/CMakeLists.txt:356 (__component_validation_run_checks)


CMake Warning at D:/ESP_IDF/.espressif/v6.1/esp-idf/tools/cmake/component_validation.cmake:106 (message):
  Private include directory
  'D:/ESP_IDF/.espressif/v6.1/esp-idf/components/esp_wifi/wifi_apps/include/apps_private'
  belongs to component esp_wifi but is being used by component
  wpa_supplicant.  It is recommended to define the component dependency for
  wpa_supplicant on the component esp_wifi, i.e.  'idf_component_register(...
  PRIV_REQUIRES esp_wifi)' in the CMakeLists.txt of wpa_supplicant, and
  specify the included directory as idf_component_register(...
  PRIV_INCLUDE_DIRS <dir relative to component>) in the CMakeLists.txt of
  component esp_wifi.
Call Stack (most recent call first):
  D:/ESP_IDF/.espressif/v6.1/esp-idf/tools/cmake/component_validation.cmake:130 (__component_validation_check_include_d
irs)
  D:/ESP_IDF/.espressif/v6.1/esp-idf/CMakeLists.txt:356 (__component_validation_run_checks)


CMake Warning at D:/ESP_IDF/.espressif/v6.1/esp-idf/tools/cmake/component_validation.cmake:106 (message):
  Private include directory
  'D:/ESP_IDF/.espressif/v6.1/esp-idf/components/wpa_supplicant/src' belongs
  to component wpa_supplicant but is being used by component esp_wifi.  It is
  recommended to define the component dependency for esp_wifi on the
  component wpa_supplicant, i.e.  'idf_component_register(...  PRIV_REQUIRES
  wpa_supplicant)' in the CMakeLists.txt of esp_wifi, and specify the
  included directory as idf_component_register(...  PRIV_INCLUDE_DIRS <dir
  relative to component>) in the CMakeLists.txt of component wpa_supplicant.
Call Stack (most recent call first):
  D:/ESP_IDF/.espressif/v6.1/esp-idf/tools/cmake/component_validation.cmake:130 (__component_validation_check_include_d
irs)
  D:/ESP_IDF/.espressif/v6.1/esp-idf/CMakeLists.txt:356 (__component_validation_run_checks)


CMake Warning at D:/ESP_IDF/.espressif/v6.1/esp-idf/tools/cmake/component_validation.cmake:106 (message):
  Private include directory
  'D:/ESP_IDF/.espressif/v6.1/esp-idf/components/wpa_supplicant/esp_supplicant/src'
  belongs to component wpa_supplicant but is being used by component
  esp_wifi.  It is recommended to define the component dependency for
  esp_wifi on the component wpa_supplicant, i.e.  'idf_component_register(...
  PRIV_REQUIRES wpa_supplicant)' in the CMakeLists.txt of esp_wifi, and
  specify the included directory as idf_component_register(...
  PRIV_INCLUDE_DIRS <dir relative to component>) in the CMakeLists.txt of
  component wpa_supplicant.
Call Stack (most recent call first):
  D:/ESP_IDF/.espressif/v6.1/esp-idf/tools/cmake/component_validation.cmake:130 (__component_validation_check_include_d
irs)
  D:/ESP_IDF/.espressif/v6.1/esp-idf/CMakeLists.txt:356 (__component_validation_run_checks)


-- Component idf::esp_trace will be linked with -Wl,--whole-archive
Traceback (most recent call last):
  File "D:\ESP_IDF\.espressif\v6.1\esp-idf\components\esp_rom\gen_gdbinit.py", line 72, in <module>
    gdbinit_lines = generate_gdbinit_rom_add_symbols(target)
                    ^^^^^^^^^^^^^^^^^^^^^^^^^^^^^^^^^^^^^^^^
  File "D:\ESP_IDF\.espressif\v6.1\esp-idf\components\esp_rom\gen_gdbinit.py", line 31, in generate_gdbinit_rom_add_sym
bols
    raise OSError(
OSError: ESP_ROM_ELF_DIR environment variable is not defined. Please try to run IDF "install" and "export" scripts.
CMake Warning at D:/ESP_IDF/.espressif/v6.1/esp-idf/tools/cmake/gdbinit.cmake:58 (message):
  Error while generating esp_rom gdbinit
Call Stack (most recent call first):
  D:/ESP_IDF/.espressif/v6.1/esp-idf/tools/cmake/project.cmake:452 (__generate_gdbinit)
  D:/ESP_IDF/.espressif/v6.1/esp-idf/tools/cmake/project.cmake:1101 (__project_info)
  CMakeLists.txt:7 (project)


-- Components: app_trace app_update bootloader bootloader_support bt cmock console cxx driver efuse esp-tls esp_adc esp_app_format esp_asrc_adapter esp_blockdev esp_blockdev_util esp_bootloader_format esp_coex esp_common esp_driver_ana_cmpr esp_driver_bitscrambler esp_driver_cam esp_driver_cordic esp_driver_dac esp_driver_dma esp_driver_gpio esp_driver_gptimer esp_driver_i2c esp_driver_i2s esp_driver_i3c esp_driver_isp esp_driver_jpeg esp_driver_ledc esp_driver_mcpwm esp_driver_parlio esp_driver_pcnt esp_driver_ppa esp_driver_rmt esp_driver_sd_intf esp_driver_sdio esp_driver_sdm esp_driver_sdmmc esp_driver_sdspi esp_driver_spi esp_driver_touch_sens esp_driver_tsens esp_driver_twai esp_driver_uart esp_driver_usb_serial_jtag esp_eth esp_event esp_gdbstub esp_hal_ana_cmpr esp_hal_ana_conv esp_hal_asrc esp_hal_cam esp_hal_clock esp_hal_cordic esp_hal_dma esp_hal_emac esp_hal_gpio esp_hal_gpspi esp_hal_i2c esp_hal_i2s esp_hal_i3c esp_hal_ieee802154 esp_hal_jpeg esp_hal_lcd esp_hal_ledc esp_hal_mcpwm esp_hal_mspi esp_hal_parlio esp_hal_pcnt esp_hal_pmu esp_hal_ppa esp_hal_regi2c esp_hal_rmt esp_hal_rtc_timer esp_hal_sd esp_hal_security esp_hal_systimer esp_hal_timg esp_hal_touch_sens esp_hal_twai esp_hal_uart esp_hal_usb esp_hal_wdt esp_hid esp_http_client esp_http_server esp_https_ota esp_https_server esp_hw_support esp_lcd esp_libc esp_local_ctrl esp_mm esp_netif esp_netif_stack esp_partition esp_phy esp_pm esp_psram esp_ringbuf esp_rom esp_security esp_stdio esp_system esp_timer esp_trace esp_usb_cdc_rom_console esp_wifi espcoredump esptool_py fatfs freertos hal heap http_parser ieee802154 log lwip main mbedtls memoria_basic memoria_drivers memoria_fs memoria_kernel memoria_package memoria_script memoria_shell memoria_window nvs_flash nvs_sec_provider openthread partition_table perfmon protobuf-c protocomm pthread rt sdmmc soc spi_flash spiffs tcp_transport ulp unity vfs wear_levelling wpa_supplicant xtensa
-- Component paths: D:/ESP_IDF/.espressif/v6.1/esp-idf/components/app_trace D:/ESP_IDF/.espressif/v6.1/esp-idf/components/app_update D:/ESP_IDF/.espressif/v6.1/esp-idf/components/bootloader D:/ESP_IDF/.espressif/v6.1/esp-idf/components/bootloader_support D:/ESP_IDF/.espressif/v6.1/esp-idf/components/bt D:/ESP_IDF/.espressif/v6.1/esp-idf/components/cmock D:/ESP_IDF/.espressif/v6.1/esp-idf/components/console D:/ESP_IDF/.espressif/v6.1/esp-idf/components/cxx D:/ESP_IDF/.espressif/v6.1/esp-idf/components/driver D:/ESP_IDF/.espressif/v6.1/esp-idf/components/efuse D:/ESP_IDF/.espressif/v6.1/esp-idf/components/esp-tls D:/ESP_IDF/.espressif/v6.1/esp-idf/components/esp_adc D:/ESP_IDF/.espressif/v6.1/esp-idf/components/esp_app_format D:/ESP_IDF/.espressif/v6.1/esp-idf/components/esp_asrc_adapter D:/ESP_IDF/.espressif/v6.1/esp-idf/components/esp_blockdev D:/ESP_IDF/.espressif/v6.1/esp-idf/components/esp_blockdev_util D:/ESP_IDF/.espressif/v6.1/esp-idf/components/esp_bootloader_format D:/ESP_IDF/.espressif/v6.1/esp-idf/components/esp_coex D:/ESP_IDF/.espressif/v6.1/esp-idf/components/esp_common D:/ESP_IDF/.espressif/v6.1/esp-idf/components/esp_driver_ana_cmpr D:/ESP_IDF/.espressif/v6.1/esp-idf/components/esp_driver_bitscrambler D:/ESP_IDF/.espressif/v6.1/esp-idf/components/esp_driver_cam D:/ESP_IDF/.espressif/v6.1/esp-idf/components/esp_driver_cordic D:/ESP_IDF/.espressif/v6.1/esp-idf/components/esp_driver_dac D:/ESP_IDF/.espressif/v6.1/esp-idf/components/esp_driver_dma D:/ESP_IDF/.espressif/v6.1/esp-idf/components/esp_driver_gpio D:/ESP_IDF/.espressif/v6.1/esp-idf/components/esp_driver_gptimer D:/ESP_IDF/.espressif/v6.1/esp-idf/components/esp_driver_i2c D:/ESP_IDF/.espressif/v6.1/esp-idf/components/esp_driver_i2s D:/ESP_IDF/.espressif/v6.1/esp-idf/components/esp_driver_i3c D:/ESP_IDF/.espressif/v6.1/esp-idf/components/esp_driver_isp D:/ESP_IDF/.espressif/v6.1/esp-idf/components/esp_driver_jpeg D:/ESP_IDF/.espressif/v6.1/esp-idf/components/esp_driver_ledc D:/ESP_IDF/.espressif/v6.1/esp-idf/components/esp_driver_mcpwm D:/ESP_IDF/.espressif/v6.1/esp-idf/components/esp_driver_parlio D:/ESP_IDF/.espressif/v6.1/esp-idf/components/esp_driver_pcnt D:/ESP_IDF/.espressif/v6.1/esp-idf/components/esp_driver_ppa D:/ESP_IDF/.espressif/v6.1/esp-idf/components/esp_driver_rmt D:/ESP_IDF/.espressif/v6.1/esp-idf/components/esp_driver_sd_intf D:/ESP_IDF/.espressif/v6.1/esp-idf/components/esp_driver_sdio D:/ESP_IDF/.espressif/v6.1/esp-idf/components/esp_driver_sdm D:/ESP_IDF/.espressif/v6.1/esp-idf/components/esp_driver_sdmmc D:/ESP_IDF/.espressif/v6.1/esp-idf/components/esp_driver_sdspi D:/ESP_IDF/.espressif/v6.1/esp-idf/components/esp_driver_spi D:/ESP_IDF/.espressif/v6.1/esp-idf/components/esp_driver_touch_sens D:/ESP_IDF/.espressif/v6.1/esp-idf/components/esp_driver_tsens D:/ESP_IDF/.espressif/v6.1/esp-idf/components/esp_driver_twai D:/ESP_IDF/.espressif/v6.1/esp-idf/components/esp_driver_uart D:/ESP_IDF/.espressif/v6.1/esp-idf/components/esp_driver_usb_serial_jtag D:/ESP_IDF/.espressif/v6.1/esp-idf/components/esp_eth D:/ESP_IDF/.espressif/v6.1/esp-idf/components/esp_event D:/ESP_IDF/.espressif/v6.1/esp-idf/components/esp_gdbstub D:/ESP_IDF/.espressif/v6.1/esp-idf/components/esp_hal_ana_cmpr D:/ESP_IDF/.espressif/v6.1/esp-idf/components/esp_hal_ana_conv D:/ESP_IDF/.espressif/v6.1/esp-idf/components/esp_hal_asrc D:/ESP_IDF/.espressif/v6.1/esp-idf/components/esp_hal_cam D:/ESP_IDF/.espressif/v6.1/esp-idf/components/esp_hal_clock D:/ESP_IDF/.espressif/v6.1/esp-idf/components/esp_hal_cordic D:/ESP_IDF/.espressif/v6.1/esp-idf/components/esp_hal_dma D:/ESP_IDF/.espressif/v6.1/esp-idf/components/esp_hal_emac D:/ESP_IDF/.espressif/v6.1/esp-idf/components/esp_hal_gpio D:/ESP_IDF/.espressif/v6.1/esp-idf/components/esp_hal_gpspi D:/ESP_IDF/.espressif/v6.1/esp-idf/components/esp_hal_i2c D:/ESP_IDF/.espressif/v6.1/esp-idf/components/esp_hal_i2s D:/ESP_IDF/.espressif/v6.1/esp-idf/components/esp_hal_i3c D:/ESP_IDF/.espressif/v6.1/esp-idf/components/esp_hal_ieee802154 D:/ESP_IDF/.espressif/v6.1/esp-idf/components/esp_hal_jpeg D:/ESP_IDF/.espressif/v6.1/esp-idf/components/esp_hal_lcd D:/ESP_IDF/.espressif/v6.1/esp-idf/components/esp_hal_ledc D:/ESP_IDF/.espressif/v6.1/esp-idf/components/esp_hal_mcpwm D:/ESP_IDF/.espressif/v6.1/esp-idf/components/esp_hal_mspi D:/ESP_IDF/.espressif/v6.1/esp-idf/components/esp_hal_parlio D:/ESP_IDF/.espressif/v6.1/esp-idf/components/esp_hal_pcnt D:/ESP_IDF/.espressif/v6.1/esp-idf/components/esp_hal_pmu D:/ESP_IDF/.espressif/v6.1/esp-idf/components/esp_hal_ppa D:/ESP_IDF/.espressif/v6.1/esp-idf/components/esp_hal_regi2c D:/ESP_IDF/.espressif/v6.1/esp-idf/components/esp_hal_rmt D:/ESP_IDF/.espressif/v6.1/esp-idf/components/esp_hal_rtc_timer D:/ESP_IDF/.espressif/v6.1/esp-idf/components/esp_hal_sd D:/ESP_IDF/.espressif/v6.1/esp-idf/components/esp_hal_security D:/ESP_IDF/.espressif/v6.1/esp-idf/components/esp_hal_systimer D:/ESP_IDF/.espressif/v6.1/esp-idf/components/esp_hal_timg D:/ESP_IDF/.espressif/v6.1/esp-idf/components/esp_hal_touch_sens D:/ESP_IDF/.espressif/v6.1/esp-idf/components/esp_hal_twai D:/ESP_IDF/.espressif/v6.1/esp-idf/components/esp_hal_uart D:/ESP_IDF/.espressif/v6.1/esp-idf/components/esp_hal_usb D:/ESP_IDF/.espressif/v6.1/esp-idf/components/esp_hal_wdt D:/ESP_IDF/.espressif/v6.1/esp-idf/components/esp_hid D:/ESP_IDF/.espressif/v6.1/esp-idf/components/esp_http_client D:/ESP_IDF/.espressif/v6.1/esp-idf/components/esp_http_server D:/ESP_IDF/.espressif/v6.1/esp-idf/components/esp_https_ota D:/ESP_IDF/.espressif/v6.1/esp-idf/components/esp_https_server D:/ESP_IDF/.espressif/v6.1/esp-idf/components/esp_hw_support D:/ESP_IDF/.espressif/v6.1/esp-idf/components/esp_lcd D:/ESP_IDF/.espressif/v6.1/esp-idf/components/esp_libc D:/ESP_IDF/.espressif/v6.1/esp-idf/components/esp_local_ctrl D:/ESP_IDF/.espressif/v6.1/esp-idf/components/esp_mm D:/ESP_IDF/.espressif/v6.1/esp-idf/components/esp_netif D:/ESP_IDF/.espressif/v6.1/esp-idf/components/esp_netif_stack D:/ESP_IDF/.espressif/v6.1/esp-idf/components/esp_partition D:/ESP_IDF/.espressif/v6.1/esp-idf/components/esp_phy D:/ESP_IDF/.espressif/v6.1/esp-idf/components/esp_pm D:/ESP_IDF/.espressif/v6.1/esp-idf/components/esp_psram D:/ESP_IDF/.espressif/v6.1/esp-idf/components/esp_ringbuf D:/ESP_IDF/.espressif/v6.1/esp-idf/components/esp_rom D:/ESP_IDF/.espressif/v6.1/esp-idf/components/esp_security D:/ESP_IDF/.espressif/v6.1/esp-idf/components/esp_stdio D:/ESP_IDF/.espressif/v6.1/esp-idf/components/esp_system D:/ESP_IDF/.espressif/v6.1/esp-idf/components/esp_timer D:/ESP_IDF/.espressif/v6.1/esp-idf/components/esp_trace D:/ESP_IDF/.espressif/v6.1/esp-idf/components/esp_usb_cdc_rom_console D:/ESP_IDF/.espressif/v6.1/esp-idf/components/esp_wifi D:/ESP_IDF/.espressif/v6.1/esp-idf/components/espcoredump D:/ESP_IDF/.espressif/v6.1/esp-idf/components/esptool_py D:/ESP_IDF/.espressif/v6.1/esp-idf/components/fatfs D:/ESP_IDF/.espressif/v6.1/esp-idf/components/freertos D:/ESP_IDF/.espressif/v6.1/esp-idf/components/hal D:/ESP_IDF/.espressif/v6.1/esp-idf/components/heap D:/ESP_IDF/.espressif/v6.1/esp-idf/components/http_parser D:/ESP_IDF/.espressif/v6.1/esp-idf/components/ieee802154 D:/ESP_IDF/.espressif/v6.1/esp-idf/components/log D:/ESP_IDF/.espressif/v6.1/esp-idf/components/lwip I:/Memoria OS/memoria-os/main D:/ESP_IDF/.espressif/v6.1/esp-idf/components/mbedtls I:/Memoria OS/memoria-os/components/memoria_basic I:/Memoria OS/memoria-os/components/memoria_drivers I:/Memoria OS/memoria-os/components/memoria_fs I:/Memoria OS/memoria-os/components/memoria_kernel I:/Memoria OS/memoria-os/components/memoria_package I:/Memoria OS/memoria-os/components/memoria_script I:/Memoria OS/memoria-os/components/memoria_shell I:/Memoria OS/memoria-os/components/memoria_window D:/ESP_IDF/.espressif/v6.1/esp-idf/components/nvs_flash D:/ESP_IDF/.espressif/v6.1/esp-idf/components/nvs_sec_provider D:/ESP_IDF/.espressif/v6.1/esp-idf/components/openthread D:/ESP_IDF/.espressif/v6.1/esp-idf/components/partition_table D:/ESP_IDF/.espressif/v6.1/esp-idf/components/perfmon D:/ESP_IDF/.espressif/v6.1/esp-idf/components/protobuf-c D:/ESP_IDF/.espressif/v6.1/esp-idf/components/protocomm D:/ESP_IDF/.espressif/v6.1/esp-idf/components/pthread D:/ESP_IDF/.espressif/v6.1/esp-idf/components/rt D:/ESP_IDF/.espressif/v6.1/esp-idf/components/sdmmc D:/ESP_IDF/.espressif/v6.1/esp-idf/components/soc D:/ESP_IDF/.espressif/v6.1/esp-idf/components/spi_flash D:/ESP_IDF/.espressif/v6.1/esp-idf/components/spiffs D:/ESP_IDF/.espressif/v6.1/esp-idf/components/tcp_transport D:/ESP_IDF/.espressif/v6.1/esp-idf/components/ulp D:/ESP_IDF/.espressif/v6.1/esp-idf/components/unity D:/ESP_IDF/.espressif/v6.1/esp-idf/components/vfs D:/ESP_IDF/.espressif/v6.1/esp-idf/components/wear_levelling D:/ESP_IDF/.espressif/v6.1/esp-idf/components/wpa_supplicant D:/ESP_IDF/.espressif/v6.1/esp-idf/components/xtensa
-- Configuring incomplete, errors occurred!
ninja: error: rebuilding 'build.ninja': subcommand failed
FAILED: build.ninja I:/Memoria OS/memoria-os/build/cmake_install.cmake I:/Memoria OS/memoria-os/build/esp-idf/cmake_install.cmake I:/Memoria OS/memoria-os/build/esp-idf/xtensa/cmake_install.cmake I:/Memoria OS/memoria-os/build/esp-idf/esp_stdio/cmake_install.cmake I:/Memoria OS/memoria-os/build/esp-idf/esp_hal_dma/cmake_install.cmake I:/Memoria OS/memoria-os/build/esp-idf/esp_hal_gpspi/cmake_install.cmake I:/Memoria OS/memoria-os/build/esp-idf/esp_hal_clock/cmake_install.cmake I:/Memoria OS/memoria-os/build/esp-idf/esp_hal_mspi/cmake_install.cmake I:/Memoria OS/memoria-os/build/esp-idf/esp_blockdev/cmake_install.cmake I:/Memoria OS/memoria-os/build/esp-idf/esp_hal_security/cmake_install.cmake I:/Memoria OS/memoria-os/build/esp-idf/bootloader/cmake_install.cmake I:/Memoria OS/memoria-os/build/esp-idf/esptool_py/cmake_install.cmake I:/Memoria OS/memoria-os/build/esp-idf/partition_table/cmake_install.cmake I:/Memoria OS/memoria-os/build/esp-idf/esp_app_format/cmake_install.cmake I:/Memoria OS/memoria-os/build/esp-idf/esp_bootloader_format/cmake_install.cmake I:/Memoria OS/memoria-os/build/esp-idf/app_update/cmake_install.cmake I:/Memoria OS/memoria-os/build/esp-idf/esp_partition/cmake_install.cmake I:/Memoria OS/memoria-os/build/esp-idf/efuse/cmake_install.cmake I:/Memoria OS/memoria-os/build/esp-idf/esp_security/cmake_install.cmake I:/Memoria OS/memoria-os/build/esp-idf/esp_driver_gpio/cmake_install.cmake I:/Memoria OS/memoria-os/build/esp-idf/esp_hal_uart/cmake_install.cmake I:/Memoria OS/memoria-os/build/esp-idf/esp_pm/cmake_install.cmake I:/Memoria OS/memoria-os/build/esp-idf/esp_mm/cmake_install.cmake I:/Memoria OS/memoria-os/build/esp-idf/esp_driver_dma/cmake_install.cmake I:/Memoria OS/memoria-os/build/esp-idf/mbedtls/cmake_install.cmake I:/Memoria OS/memoria-os/build/esp-idf/mbedtls/mbedtls/cmake_install.cmake I:/Memoria OS/memoria-os/build/esp-idf/mbedtls/mbedtls/include/cmake_install.cmake I:/Memoria OS/memoria-os/build/esp-idf/mbedtls/mbedtls/tf-psa-crypto/cmake_install.cmake I:/Memoria OS/memoria-os/build/esp-idf/mbedtls/mbedtls/tf-psa-crypto/include/cmake_install.cmake I:/Memoria OS/memoria-os/build/esp-idf/mbedtls/mbedtls/tf-psa-crypto/drivers/cmake_install.cmake I:/Memoria OS/memoria-os/build/esp-idf/mbedtls/mbedtls/tf-psa-crypto/drivers/everest/cmake_install.cmake I:/Memoria OS/memoria-os/build/esp-idf/mbedtls/mbedtls/tf-psa-crypto/drivers/p256-m/cmake_install.cmake I:/Memoria OS/memoria-os/build/esp-idf/mbedtls/mbedtls/tf-psa-crypto/drivers/builtin/cmake_install.cmake I:/Memoria OS/memoria-os/build/esp-idf/mbedtls/mbedtls/tf-psa-crypto/drivers/pqcp/cmake_install.cmake I:/Memoria OS/memoria-os/build/esp-idf/mbedtls/mbedtls/tf-psa-crypto/extras/cmake_install.cmake I:/Memoria OS/memoria-os/build/esp-idf/mbedtls/mbedtls/tf-psa-crypto/platform/cmake_install.cmake I:/Memoria OS/memoria-os/build/esp-idf/mbedtls/mbedtls/tf-psa-crypto/utilities/cmake_install.cmake I:/Memoria OS/memoria-os/build/esp-idf/mbedtls/mbedtls/tf-psa-crypto/core/cmake_install.cmake I:/Memoria OS/memoria-os/build/esp-idf/mbedtls/mbedtls/tf-psa-crypto/pkgconfig/cmake_install.cmake I:/Memoria OS/memoria-os/build/esp-idf/mbedtls/mbedtls/library/cmake_install.cmake I:/Memoria OS/memoria-os/build/esp-idf/mbedtls/mbedtls/pkgconfig/cmake_install.cmake I:/Memoria OS/memoria-os/build/esp-idf/esp_hal_timg/cmake_install.cmake I:/Memoria OS/memoria-os/build/esp-idf/esp_hal_wdt/cmake_install.cmake I:/Memoria OS/memoria-os/build/esp-idf/esp_hal_ana_conv/cmake_install.cmake I:/Memoria OS/memoria-os/build/esp-idf/esp_hal_rtc_timer/cmake_install.cmake I:/Memoria OS/memoria-os/build/esp-idf/bootloader_support/cmake_install.cmake I:/Memoria OS/memoria-os/build/esp-idf/spi_flash/cmake_install.cmake I:/Memoria OS/memoria-os/build/esp-idf/esp_usb_cdc_rom_console/cmake_install.cmake I:/Memoria OS/memoria-os/build/esp-idf/esp_system/cmake_install.cmake I:/Memoria OS/memoria-os/build/esp-idf/esp_system/port/cmake_install.cmake I:/Memoria OS/memoria-os/build/esp-idf/esp_system/port/soc/esp32s3/cmake_install.cmake I:/Memoria OS/memoria-os/build/esp-idf/esp_common/cmake_install.cmake I:/Memoria OS/memoria-os/build/esp-idf/esp_rom/cmake_install.cmake I:/Memoria OS/memoria-os/build/esp-idf/hal/cmake_install.cmake I:/Memoria OS/memoria-os/build/esp-idf/log/cmake_install.cmake I:/Memoria OS/memoria-os/build/esp-idf/heap/cmake_install.cmake I:/Memoria OS/memoria-os/build/esp-idf/soc/cmake_install.cmake I:/Memoria OS/memoria-os/build/esp-idf/esp_hal_gpio/cmake_install.cmake I:/Memoria OS/memoria-os/build/esp-idf/esp_hal_usb/cmake_install.cmake I:/Memoria OS/memoria-os/build/esp-idf/esp_hal_pmu/cmake_install.cmake I:/Memoria OS/memoria-os/build/esp-idf/esp_hal_regi2c/cmake_install.cmake I:/Memoria OS/memoria-os/build/esp-idf/esp_hal_systimer/cmake_install.cmake I:/Memoria OS/memoria-os/build/esp-idf/esp_hal_touch_sens/cmake_install.cmake I:/Memoria OS/memoria-os/build/esp-idf/esp_hw_support/cmake_install.cmake I:/Memoria OS/memoria-os/build/esp-idf/esp_hw_support/port/esp32s3/cmake_install.cmake I:/Memoria OS/memoria-os/build/esp-idf/esp_hw_support/mspi/mspi_timing_tuning/port/esp32s3/cmake_install.cmake I:/Memoria OS/memoria-os/build/esp-idf/esp_hw_support/lowpower/cmake_install.cmake I:/Memoria OS/memoria-os/build/esp-idf/esp_hw_support/modem/cmake_install.cmake I:/Memoria OS/memoria-os/build/esp-idf/freertos/cmake_install.cmake I:/Memoria OS/memoria-os/build/esp-idf/esp_libc/cmake_install.cmake I:/Memoria OS/memoria-os/build/esp-idf/esp_libc/src/port/cmake_install.cmake I:/Memoria OS/memoria-os/build/esp-idf/pthread/cmake_install.cmake I:/Memoria OS/memoria-os/build/esp-idf/cxx/cmake_install.cmake I:/Memoria OS/memoria-os/build/esp-idf/esp_timer/cmake_install.cmake I:/Memoria OS/memoria-os/build/esp-idf/esp_ringbuf/cmake_install.cmake I:/Memoria OS/memoria-os/build/esp-idf/esp_psram/cmake_install.cmake I:/Memoria OS/memoria-os/build/esp-idf/esp_psram/device/cmake_install.cmake I:/Memoria OS/memoria-os/build/esp-idf/esp_psram/xip_impl/cmake_install.cmake I:/Memoria OS/memoria-os/build/esp-idf/esp_driver_uart/cmake_install.cmake I:/Memoria OS/memoria-os/build/esp-idf/esp_driver_gptimer/cmake_install.cmake I:/Memoria OS/memoria-os/build/esp-idf/app_trace/cmake_install.cmake I:/Memoria OS/memoria-os/build/esp-idf/esp_event/cmake_install.cmake I:/Memoria OS/memoria-os/build/esp-idf/nvs_sec_provider/cmake_install.cmake I:/Memoria OS/memoria-os/build/esp-idf/nvs_flash/cmake_install.cmake I:/Memoria OS/memoria-os/build/esp-idf/esp_phy/cmake_install.cmake I:/Memoria OS/memoria-os/build/esp-idf/esp_driver_usb_serial_jtag/cmake_install.cmake I:/Memoria OS/memoria-os/build/esp-idf/vfs/cmake_install.cmake I:/Memoria OS/memoria-os/build/esp-idf/lwip/cmake_install.cmake I:/Memoria OS/memoria-os/build/esp-idf/esp_netif_stack/cmake_install.cmake I:/Memoria OS/memoria-os/build/esp-idf/esp_netif/cmake_install.cmake I:/Memoria OS/memoria-os/build/esp-idf/wpa_supplicant/cmake_install.cmake I:/Memoria OS/memoria-os/build/esp-idf/esp_coex/cmake_install.cmake I:/Memoria OS/memoria-os/build/esp-idf/esp_wifi/cmake_install.cmake I:/Memoria OS/memoria-os/build/esp-idf/esp_wifi/remote/cmake_install.cmake I:/Memoria OS/memoria-os/build/esp-idf/esp_driver_spi/cmake_install.cmake I:/Memoria OS/memoria-os/build/esp-idf/esp_gdbstub/cmake_install.cmake I:/Memoria OS/memoria-os/build/esp-idf/bt/cmake_install.cmake I:/Memoria OS/memoria-os/build/esp-idf/bt/common/cmake_install.cmake I:/Memoria OS/memoria-os/build/esp-idf/bt/controller/cmake_install.cmake I:/Memoria OS/memoria-os/build/esp-idf/bt/host/bluedroid/cmake_install.cmake I:/Memoria OS/memoria-os/build/esp-idf/bt/host/nimble/cmake_install.cmake I:/Memoria OS/memoria-os/build/esp-idf/bt/esp_ble_mesh/cmake_install.cmake I:/Memoria OS/memoria-os/build/esp-idf/bt/esp_ble_iso/cmake_install.cmake I:/Memoria OS/memoria-os/build/esp-idf/bt/esp_ble_audio/cmake_install.cmake I:/Memoria OS/memoria-os/build/esp-idf/unity/cmake_install.cmake I:/Memoria OS/memoria-os/build/esp-idf/cmock/cmake_install.cmake I:/Memoria OS/memoria-os/build/esp-idf/console/cmake_install.cmake I:/Memoria OS/memoria-os/build/esp-idf/esp_hal_i2c/cmake_install.cmake I:/Memoria OS/memoria-os/build/esp-idf/esp_hal_twai/cmake_install.cmake I:/Memoria OS/memoria-os/build/esp-idf/driver/cmake_install.cmake I:/Memoria OS/memoria-os/build/esp-idf/http_parser/cmake_install.cmake I:/Memoria OS/memoria-os/build/esp-idf/esp-tls/cmake_install.cmake I:/Memoria OS/memoria-os/build/esp-idf/esp_adc/cmake_install.cmake I:/Memoria OS/memoria-os/build/esp-idf/esp_hal_asrc/cmake_install.cmake I:/Memoria OS/memoria-os/build/esp-idf/esp_asrc_adapter/cmake_install.cmake I:/Memoria OS/memoria-os/build/esp-idf/esp_blockdev_util/cmake_install.cmake I:/Memoria OS/memoria-os/build/esp-idf/esp_hal_ana_cmpr/cmake_install.cmake I:/Memoria OS/memoria-os/build/esp-idf/esp_driver_ana_cmpr/cmake_install.cmake I:/Memoria OS/memoria-os/build/esp-idf/esp_driver_bitscrambler/cmake_install.cmake I:/Memoria OS/memoria-os/build/esp-idf/esp_hal_cam/cmake_install.cmake I:/Memoria OS/memoria-os/build/esp-idf/esp_driver_isp/cmake_install.cmake I:/Memoria OS/memoria-os/build/esp-idf/esp_driver_cam/cmake_install.cmake I:/Memoria OS/memoria-os/build/esp-idf/esp_hal_cordic/cmake_install.cmake I:/Memoria OS/memoria-os/build/esp-idf/esp_driver_cordic/cmake_install.cmake I:/Memoria OS/memoria-os/build/esp-idf/esp_driver_dac/cmake_install.cmake I:/Memoria OS/memoria-os/build/esp-idf/esp_driver_i2c/cmake_install.cmake I:/Memoria OS/memoria-os/build/esp-idf/esp_hal_i2s/cmake_install.cmake I:/Memoria OS/memoria-os/build/esp-idf/esp_driver_i2s/cmake_install.cmake I:/Memoria OS/memoria-os/build/esp-idf/esp_hal_i3c/cmake_install.cmake I:/Memoria OS/memoria-os/build/esp-idf/esp_driver_i3c/cmake_install.cmake I:/Memoria OS/memoria-os/build/esp-idf/esp_hal_jpeg/cmake_install.cmake I:/Memoria OS/memoria-os/build/esp-idf/esp_driver_jpeg/cmake_install.cmake I:/Memoria OS/memoria-os/build/esp-idf/esp_hal_ledc/cmake_install.cmake I:/Memoria OS/memoria-os/build/esp-idf/esp_driver_ledc/cmake_install.cmake I:/Memoria OS/memoria-os/build/esp-idf/esp_hal_mcpwm/cmake_install.cmake I:/Memoria OS/memoria-os/build/esp-idf/esp_driver_mcpwm/cmake_install.cmake I:/Memoria OS/memoria-os/build/esp-idf/esp_hal_parlio/cmake_install.cmake I:/Memoria OS/memoria-os/build/esp-idf/esp_driver_parlio/cmake_install.cmake I:/Memoria OS/memoria-os/build/esp-idf/esp_hal_pcnt/cmake_install.cmake I:/Memoria OS/memoria-os/build/esp-idf/esp_driver_pcnt/cmake_install.cmake I:/Memoria OS/memoria-os/build/esp-idf/esp_hal_ppa/cmake_install.cmake I:/Memoria OS/memoria-os/build/esp-idf/esp_driver_ppa/cmake_install.cmake I:/Memoria OS/memoria-os/build/esp-idf/esp_hal_rmt/cmake_install.cmake I:/Memoria OS/memoria-os/build/esp-idf/esp_driver_rmt/cmake_install.cmake I:/Memoria OS/memoria-os/build/esp-idf/esp_hal_sd/cmake_install.cmake I:/Memoria OS/memoria-os/build/esp-idf/sdmmc/cmake_install.cmake I:/Memoria OS/memoria-os/build/esp-idf/esp_driver_sd_intf/cmake_install.cmake I:/Memoria OS/memoria-os/build/esp-idf/esp_driver_sdio/cmake_install.cmake I:/Memoria OS/memoria-os/build/esp-idf/esp_driver_sdm/cmake_install.cmake I:/Memoria OS/memoria-os/build/esp-idf/esp_driver_sdmmc/cmake_install.cmake I:/Memoria OS/memoria-os/build/esp-idf/esp_driver_sdspi/cmake_install.cmake I:/Memoria OS/memoria-os/build/esp-idf/esp_driver_touch_sens/cmake_install.cmake I:/Memoria OS/memoria-os/build/esp-idf/esp_driver_tsens/cmake_install.cmake I:/Memoria OS/memoria-os/build/esp-idf/esp_driver_twai/cmake_install.cmake I:/Memoria OS/memoria-os/build/esp-idf/esp_hal_emac/cmake_install.cmake I:/Memoria OS/memoria-os/build/esp-idf/esp_eth/cmake_install.cmake I:/Memoria OS/memoria-os/build/esp-idf/esp_hal_ieee802154/cmake_install.cmake I:/Memoria OS/memoria-os/build/esp-idf/esp_hal_lcd/cmake_install.cmake I:/Memoria OS/memoria-os/build/esp-idf/esp_hid/cmake_install.cmake I:/Memoria OS/memoria-os/build/esp-idf/tcp_transport/cmake_install.cmake I:/Memoria OS/memoria-os/build/esp-idf/esp_http_client/cmake_install.cmake I:/Memoria OS/memoria-os/build/esp-idf/esp_http_server/cmake_install.cmake I:/Memoria OS/memoria-os/build/esp-idf/esp_https_ota/cmake_install.cmake I:/Memoria OS/memoria-os/build/esp-idf/esp_https_server/cmake_install.cmake I:/Memoria OS/memoria-os/build/esp-idf/esp_lcd/cmake_install.cmake I:/Memoria OS/memoria-os/build/esp-idf/protobuf-c/cmake_install.cmake I:/Memoria OS/memoria-os/build/esp-idf/protocomm/cmake_install.cmake I:/Memoria OS/memoria-os/build/esp-idf/esp_local_ctrl/cmake_install.cmake I:/Memoria OS/memoria-os/build/esp-idf/esp_trace/cmake_install.cmake I:/Memoria OS/memoria-os/build/esp-idf/espcoredump/cmake_install.cmake I:/Memoria OS/memoria-os/build/esp-idf/wear_levelling/cmake_install.cmake I:/Memoria OS/memoria-os/build/esp-idf/fatfs/cmake_install.cmake I:/Memoria OS/memoria-os/build/esp-idf/ieee802154/cmake_install.cmake I:/Memoria OS/memoria-os/build/esp-idf/openthread/cmake_install.cmake I:/Memoria OS/memoria-os/build/esp-idf/perfmon/cmake_install.cmake I:/Memoria OS/memoria-os/build/esp-idf/rt/cmake_install.cmake I:/Memoria OS/memoria-os/build/esp-idf/spiffs/cmake_install.cmake I:/Memoria OS/memoria-os/build/esp-idf/ulp/cmake_install.cmake I:/Memoria OS/memoria-os/build/esp-idf/memoria_drivers/cmake_install.cmake I:/Memoria OS/memoria-os/build/esp-idf/memoria_window/cmake_install.cmake I:/Memoria OS/memoria-os/build/esp-idf/memoria_fs/cmake_install.cmake I:/Memoria OS/memoria-os/build/esp-idf/memoria_package/cmake_install.cmake I:/Memoria OS/memoria-os/build/esp-idf/memoria_script/cmake_install.cmake I:/Memoria OS/memoria-os/build/esp-idf/memoria_basic/cmake_install.cmake I:/Memoria OS/memoria-os/build/esp-idf/memoria_kernel/cmake_install.cmake I:/Memoria OS/memoria-os/build/esp-idf/memoria_shell/cmake_install.cmake I:/Memoria OS/memoria-os/build/esp-idf/main/cmake_install.cmake 
D:\Espressif\tools\cmake\4.0.3\bin\cmake.exe --regenerate-during-build -S"I:\Memoria OS\memoria-os" -B"I:\Memoria OS\memoria-os\build"
